
> novaframe@0.1.0 build
> next build

Ôû▓ Next.js 16.2.1 (Turbopack)
- Environments: .env.local

  Creating an optimized production build ...
Ô£ô Compiled successfully in 7.0s
  Running TypeScript ...
  Finished TypeScript in 154ms ...
  Collecting page data using 15 workers ...
  Generating static pages using 15 workers (0/14) ...
node.exe : Ô¿» useSearchParams() should be wrapped in a suspense boundary at page "/laboratorio/configurar". Read 
more: https://nextjs.org/docs/messages/missing-suspense-with-csr-bailout
En línea: 1 Carácter: 1
+ & "C:\Program Files\nodejs/node.exe" "C:\Program Files\nodejs/node_mo ...
+ ~~~~~~~~~~~~~~~~~~~~~~~~~~~~~~~~~~~~~~~~~~~~~~~~~~~~~~~~~~~~~~~~~~~~~
    + CategoryInfo          : NotSpecified: (Ô¿» useSearchPa...ith-csr-bailout:String) [], RemoteException
    + FullyQualifiedErrorId : NativeCommandError
 
    at S (C:\Users\jmrod\Downloads\LUCY\novaframe\.next\server\chunks\ssr\node_modules_next_0w2y7fz._.js:2:2692)
    at r (C:\Users\jmrod\Downloads\LUCY\novaframe\.next\server\chunks\ssr\node_modules_next_0w2y7fz._.js:4:6760)
    at C:\Users\jmrod\Downloads\LUCY\novaframe\.next\server\chunks\ssr\src_app_laboratorio_configurar_page_jsx_0dxifjt.
_.js:1:29070
    at an (C:\Users\jmrod\Downloads\LUCY\novaframe\node_modules\next\dist\compiled\next-server\app-page-turbo.runtime.p
rod.js:2:84267)
    at ai (C:\Users\jmrod\Downloads\LUCY\novaframe\node_modules\next\dist\compiled\next-server\app-page-turbo.runtime.p
rod.js:2:86086)
    at al (C:\Users\jmrod\Downloads\LUCY\novaframe\node_modules\next\dist\compiled\next-server\app-page-turbo.runtime.p
rod.js:2:107860)
    at ao (C:\Users\jmrod\Downloads\LUCY\novaframe\node_modules\next\dist\compiled\next-server\app-page-turbo.runtime.p
rod.js:2:105275)
    at aa (C:\Users\jmrod\Downloads\LUCY\novaframe\node_modules\next\dist\compiled\next-server\app-page-turbo.runtime.p
rod.js:2:84619)
    at ai (C:\Users\jmrod\Downloads\LUCY\novaframe\node_modules\next\dist\compiled\next-server\app-page-turbo.runtime.p
rod.js:2:86135)
    at ai (C:\Users\jmrod\Downloads\LUCY\novaframe\node_modules\next\dist\compiled\next-server\app-page-turbo.runtime.p
rod.js:2:104615)
Error occurred prerendering page "/laboratorio/configurar". Read more: https://nextjs.org/docs/messages/prerender-error
Export encountered an error on /laboratorio/configurar/page: /laboratorio/configurar, exiting the build.
Ô¿» Next.js build worker exited with code: 1 and signal: null
